// Jest Snapshot v1, https://goo.gl/fbAQLP

exports[`ClickListener should render 1`] = `
<div>
  <div
    className="child"
  >
    Test
  </div>
  <div
    className="child"
  >
    Test
  </div>
</div>
`;
