// Jest Snapshot v1, https://goo.gl/fbAQLP

exports[`InnerClickListener should render 1`] = `
<InnerClickListener
  onClickOutside={[MockFunction]}
  refKey="innerRef"
>
  <InnerChild
    innerRef={[Function]}
  >
    <div>
      <div
        id="1"
      >
        1
      </div>
      <div
        id="2"
      >
        2
      </div>
    </div>
  </InnerChild>
</InnerClickListener>
`;
