// Jest Snapshot v1, https://goo.gl/fbAQLP

exports[`Selection should render 1`] = `
<Selection
  initialSelectedItems={Array []}
  render={
    [MockFunction] {
      "calls": Array [
        Array [
          Object {
            "clearSelection": [Function],
            "onItemChange": [Function],
            "selectedItems": Array [],
          },
        ],
      ],
      "results": Array [
        Object {
          "type": "return",
          "value": <div />,
        },
      ],
    }
  }
>
  <div />
</Selection>
`;
